2026-03-08 12:31:15,297 [INFO] [ML] Loading model: cardiffnlp/twitter-roberta-base-offensive
2026-03-08 12:31:19,262 [INFO] ============================================================
2026-03-08 12:31:19,263 [INFO]   SafeGuard AI Keylogger started
2026-03-08 12:31:19,263 [INFO]   Device: Hostname: REDDYS | IP: 10.218.176.171 | OS: Windows 10.0.26200 | Processor: Intel64 Family 6 Model 140 Stepping 1, GenuineIntel
2026-03-08 12:31:19,264 [INFO] ============================================================
2026-03-08 12:31:19,289 [INFO] [KEYLOGGER] Listener started. Press CTRL+C to stop.
2026-03-08 12:31:44,412 [INFO] [SCREENSHOT] Saved: screenshots\ss_20260308_123144.png
2026-03-08 12:34:18,151 [INFO] [SCREENSHOT] Saved: screenshots\ss_20260308_123417.png
2026-03-08 12:35:08,468 [INFO] [SCREENSHOT] Saved: screenshots\ss_20260308_123508.png
2026-03-08 12:37:10,776 [INFO] [SCREENSHOT] Saved: screenshots\ss_20260308_123710.png
2026-03-08 12:38:14,188 [INFO] [SCREENSHOT] Saved: screenshots\ss_20260308_123813.png
2026-03-08 12:47:32,458 [INFO] [ML] Loading model: cardiffnlp/twitter-roberta-base-offensive
2026-03-08 12:47:38,381 [INFO] ============================================================
2026-03-08 12:47:38,417 [INFO]   SafeGuard AI Keylogger started
2026-03-08 12:47:38,428 [INFO]   Device: Hostname: REDDYS | IP: 10.218.176.171 | OS: Windows 10.0.26200 | Processor: Intel64 Family 6 Model 140 Stepping 1, GenuineIntel
2026-03-08 12:47:38,439 [INFO] ============================================================
2026-03-08 12:47:38,516 [INFO] [KEYLOGGER] Listener started. Press CTRL+C to stop.
2026-03-08 12:50:06,872 [INFO] [SCREENSHOT] Saved: screenshots\ss_20260308_125006.png
2026-03-08 12:50:07,991 [INFO] [AUDIO] Recording 30s audio...
2026-03-08 12:50:38,279 [INFO] [AUDIO] Saved: audio\audio_20260308_125007.wav
2026-03-09 11:24:33,548 [INFO] [ML] Loading model: cardiffnlp/twitter-roberta-base-offensive
2026-03-09 11:24:36,449 [INFO] ============================================================
2026-03-09 11:24:36,449 [INFO]   SafeGuard AI Keylogger started
2026-03-09 11:24:36,449 [INFO]   Device: Hostname: LAPTOP-J1DQ470D | IP: 192.168.163.1 | OS: Windows 10.0.26200 | Processor: AMD64 Family 25 Model 80 Stepping 0, AuthenticAMD
2026-03-09 11:24:36,449 [INFO] ============================================================
2026-03-09 11:24:36,469 [INFO] [KEYLOGGER] Listener started. Press CTRL+C to stop.
2026-03-09 11:32:04,843 [INFO] [ML] Loading model: cardiffnlp/twitter-roberta-base-offensive
2026-03-09 11:32:07,752 [INFO] ============================================================
2026-03-09 11:32:07,753 [INFO]   SafeGuard AI Keylogger started
2026-03-09 11:32:07,753 [INFO]   Device: Hostname: LAPTOP-J1DQ470D | IP: 192.168.163.1 | OS: Windows 10.0.26200 | Processor: AMD64 Family 25 Model 80 Stepping 0, AuthenticAMD
2026-03-09 11:32:07,753 [INFO] ============================================================
2026-03-09 11:32:07,783 [INFO] [KEYLOGGER] Listener started. Press CTRL+C to stop.
2026-03-09 11:45:23,835 [INFO] [ML] Loading model: cardiffnlp/twitter-roberta-base-offensive
2026-03-09 11:45:32,853 [INFO] ============================================================
2026-03-09 11:45:32,858 [INFO]   SafeGuard AI Keylogger started
2026-03-09 11:45:32,859 [INFO]   Device: Hostname: REDDYS | IP: 10.218.176.171 | OS: Windows 10.0.26200 | Processor: Intel64 Family 6 Model 140 Stepping 1, GenuineIntel
2026-03-09 11:45:32,859 [INFO] ============================================================
2026-03-09 11:45:33,142 [INFO] [KEYLOGGER] Listener started. Press CTRL+C to stop.
2026-03-09 12:22:56,054 [INFO] [ML] Loading model: cardiffnlp/twitter-roberta-base-offensive
2026-03-09 12:23:04,584 [INFO] ============================================================
2026-03-09 12:23:04,625 [INFO]   SafeGuard AI Keylogger started
2026-03-09 12:23:04,671 [INFO]   Device: Hostname: REDDYS | IP: 10.11.2.69 | OS: Windows 10.0.26200 | Processor: Intel64 Family 6 Model 140 Stepping 1, GenuineIntel
2026-03-09 12:23:04,691 [INFO] ============================================================
2026-03-09 12:23:04,823 [INFO] [KEYLOGGER] Listener started. Press CTRL+C to stop.
2026-03-09 12:23:41,467 [INFO] [SCREENSHOT] Saved: screenshots\ss_20260309_122340.png
2026-03-09 12:24:41,657 [INFO] [SCREENSHOT] Saved: screenshots\ss_20260309_122440.png
2026-03-09 12:49:15,560 [INFO] [ML] Loading model: cardiffnlp/twitter-roberta-base-offensive
2026-03-09 12:49:21,116 [INFO] ============================================================
2026-03-09 12:49:21,132 [INFO]   SafeGuard AI Keylogger started
2026-03-09 12:49:21,133 [INFO]   Device: Hostname: REDDYS | IP: 10.11.2.69 | OS: Windows 10.0.26200 | Processor: Intel64 Family 6 Model 140 Stepping 1, GenuineIntel
2026-03-09 12:49:21,133 [INFO] ============================================================
2026-03-09 12:49:21,505 [INFO] [KEYLOGGER] Listener started. Press CTRL+C to stop.
2026-03-09 12:49:53,736 [INFO] [SCREENSHOT] Saved: screenshots\ss_20260309_124952.png
2026-03-09 12:52:18,596 [INFO] [SCREENSHOT] Saved: screenshots\ss_20260309_125217.png
2026-03-09 12:53:45,367 [INFO] [SCREENSHOT] Saved: screenshots\ss_20260309_125344.png
2026-03-09 12:54:43,837 [INFO] [SCREENSHOT] Saved: screenshots\ss_20260309_125443.png
2026-03-09 12:58:02,582 [INFO] [SCREENSHOT] Saved: screenshots\ss_20260309_125801.png
2026-03-09 15:32:39,625 [INFO] [ML] Loading model: cardiffnlp/twitter-roberta-base-offensive
2026-03-09 15:32:44,102 [INFO] ============================================================
2026-03-09 15:32:44,103 [INFO]   SafeGuard AI Keylogger started
2026-03-09 15:32:44,103 [INFO]   Device: Hostname: REDDYS | IP: 172.20.22.115 | OS: Windows 10.0.26200 | Processor: Intel64 Family 6 Model 140 Stepping 1, GenuineIntel
2026-03-09 15:32:44,108 [INFO] ============================================================
2026-03-09 15:32:44,201 [INFO] [KEYLOGGER] Listener started. Press CTRL+C to stop.
2026-03-09 15:38:53,714 [INFO] [SCREENSHOT] Saved: screenshots\ss_20260309_153853.png
2026-03-09 15:38:54,899 [INFO] [AUDIO] Recording 30s audio...
2026-03-09 15:39:25,192 [INFO] [AUDIO] Saved: audio\audio_20260309_153854.wav
2026-03-09 15:44:10,091 [INFO] [ML] Loading model: cardiffnlp/twitter-roberta-base-offensive
2026-03-09 15:44:17,172 [INFO] ============================================================
2026-03-09 15:44:17,173 [INFO]   SafeGuard AI Keylogger started
2026-03-09 15:44:17,173 [INFO]   Device: Hostname: REDDYS | IP: 172.20.22.115 | OS: Windows 10.0.26200 | Processor: Intel64 Family 6 Model 140 Stepping 1, GenuineIntel
2026-03-09 15:44:17,174 [INFO] ============================================================
2026-03-09 15:44:17,230 [INFO] [KEYLOGGER] Listener started. Press CTRL+C to stop.
2026-03-09 15:45:52,236 [INFO] [SCREENSHOT] Saved: screenshots\ss_20260309_154551.png
2026-03-09 15:52:30,256 [INFO] [ML] Loading model: cardiffnlp/twitter-roberta-base-offensive
2026-03-09 15:52:36,363 [INFO] ============================================================
2026-03-09 15:52:36,363 [INFO]   SafeGuard AI Keylogger started
2026-03-09 15:52:36,364 [INFO]   Device: Hostname: REDDYS | IP: 172.20.22.115 | OS: Windows 10.0.26200 | Processor: Intel64 Family 6 Model 140 Stepping 1, GenuineIntel
2026-03-09 15:52:36,364 [INFO] ============================================================
2026-03-09 15:52:36,429 [INFO] [KEYLOGGER] Listener started. Press CTRL+C to stop.
2026-03-09 15:54:19,301 [INFO] [ML] Loading model: cardiffnlp/twitter-roberta-base-offensive
2026-03-09 15:54:25,464 [INFO] ============================================================
2026-03-09 15:54:25,465 [INFO]   SafeGuard AI Keylogger started
2026-03-09 15:54:25,465 [INFO]   Device: Hostname: REDDYS | IP: 172.20.22.115 | OS: Windows 10.0.26200 | Processor: Intel64 Family 6 Model 140 Stepping 1, GenuineIntel
2026-03-09 15:54:25,465 [INFO] ============================================================
2026-03-09 15:54:25,519 [INFO] [KEYLOGGER] Listener started. Press CTRL+C to stop.
2026-03-09 15:56:23,989 [INFO] [SCREENSHOT] Saved: screenshots\ss_20260309_155622.png
2026-03-09 15:56:24,383 [INFO] [SCREENSHOT] Saved: screenshots\ss_20260309_155623.png
2026-03-09 15:56:26,165 [INFO] [AUDIO] Recording 30s audio...
2026-03-09 15:56:26,167 [INFO] [AUDIO] Recording 30s audio...
2026-03-09 15:56:56,353 [INFO] [AUDIO] Saved: audio\audio_20260309_155626.wav
2026-03-09 15:56:56,363 [INFO] [AUDIO] Saved: audio\audio_20260309_155626.wav
2026-03-09 17:04:41,056 [INFO] [ML] Loading model: cardiffnlp/twitter-roberta-base-offensive
2026-03-09 17:04:45,810 [INFO] ============================================================
2026-03-09 17:04:45,810 [INFO]   SafeGuard AI Keylogger started
2026-03-09 17:04:45,811 [INFO]   Device: Hostname: REDDYS | IP: 172.20.22.115 | OS: Windows 10.0.26200 | Processor: Intel64 Family 6 Model 140 Stepping 1, GenuineIntel
2026-03-09 17:04:45,811 [INFO] ============================================================
2026-03-09 17:04:45,851 [INFO] [KEYLOGGER] Listener started. Press CTRL+C to stop.
2026-03-09 17:06:16,484 [INFO] [SCREENSHOT] Saved: screenshots\ss_20260309_170615.png
2026-03-09 17:06:18,995 [INFO] [AUDIO] Recording 30s audio...
2026-03-09 17:06:49,172 [INFO] [AUDIO] Saved: audio\audio_20260309_170618.wav
2026-03-09 17:09:02,687 [INFO] [SCREENSHOT] Saved: screenshots\ss_20260309_170901.png
2026-03-09 17:09:02,695 [INFO] [AUDIO] Recording 30s audio...
2026-03-09 17:09:32,896 [INFO] [AUDIO] Saved: audio\audio_20260309_170902.wav
2026-03-09 17:22:58,287 [INFO] [ML] Loading model: cardiffnlp/twitter-roberta-base-offensive
2026-03-09 17:23:06,902 [INFO] ============================================================
2026-03-09 17:23:06,905 [INFO]   SafeGuard AI Keylogger started
2026-03-09 17:23:06,906 [INFO]   Device: Hostname: REDDYS | IP: 172.20.22.115 | OS: Windows 10.0.26200 | Processor: Intel64 Family 6 Model 140 Stepping 1, GenuineIntel
2026-03-09 17:23:06,907 [INFO] ============================================================
2026-03-09 17:23:07,071 [INFO] [KEYLOGGER] Listener started. Press CTRL+C to stop.
2026-03-09 17:26:05,609 [INFO] [SCREENSHOT] Saved: screenshots\ss_20260309_172604.png
2026-03-09 17:26:08,885 [INFO] [AUDIO] Recording 30s audio...
2026-03-09 17:26:39,199 [INFO] [AUDIO] Saved: audio\audio_20260309_172608.wav
2026-03-09 17:33:31,631 [INFO] [ML] Loading model: cardiffnlp/twitter-roberta-base-offensive
2026-03-09 17:33:40,707 [INFO] ============================================================
2026-03-09 17:33:40,714 [INFO]   SafeGuard AI Keylogger started
2026-03-09 17:33:40,719 [INFO]   Device: Hostname: REDDYS | IP: 172.20.22.115 | OS: Windows 10.0.26200 | Processor: Intel64 Family 6 Model 140 Stepping 1, GenuineIntel
2026-03-09 17:33:40,746 [INFO] ============================================================
2026-03-09 17:33:40,892 [INFO] [KEYLOGGER] Listener started. Press CTRL+C to stop.
2026-03-09 17:34:32,164 [INFO] [SCREENSHOT] Saved: screenshots\ss_20260309_173430.png
2026-03-09 17:34:35,556 [INFO] [AUDIO] Recording 30s audio...
2026-03-09 17:35:05,802 [INFO] [AUDIO] Saved: audio\audio_20260309_173435.wav
2026-03-09 19:25:24,296 [INFO] [ML] Loading model: cardiffnlp/twitter-roberta-base-offensive
2026-03-09 19:25:27,525 [INFO] ============================================================
2026-03-09 19:25:27,525 [INFO]   SafeGuard AI Keylogger started
2026-03-09 19:25:27,525 [INFO]   Device: Hostname: LAPTOP-J1DQ470D | IP: 192.168.163.1 | OS: Windows 10.0.26200 | Processor: AMD64 Family 25 Model 80 Stepping 0, AuthenticAMD
2026-03-09 19:25:27,525 [INFO] ============================================================
2026-03-09 19:25:27,563 [INFO] [KEYLOGGER] Listener started. Press CTRL+C to stop.
2026-03-09 19:26:57,455 [INFO] [SCREENSHOT] Saved: screenshots\ss_20260309_192657.png
2026-03-09 19:26:59,087 [INFO] [AUDIO] Recording 30s audio...
2026-03-09 19:27:28,677 [INFO] [SCREENSHOT] Saved: screenshots\ss_20260309_192728.png
2026-03-09 19:27:28,678 [INFO] [AUDIO] Recording 30s audio...
2026-03-09 19:27:28,718 [INFO] [AUDIO] Saved: audio\audio_20260309_192659.wav
2026-03-09 19:27:34,813 [ERROR] [EMAIL ERROR] (535, b'5.7.8 Username and Password not accepted. For more information, go to\n5.7.8  https://support.google.com/mail/?p=BadCredentials d9443c01a7336-2ae83f8b9e4sm112129935ad.64 - gsmtp')
2026-03-09 19:27:58,799 [INFO] [AUDIO] Saved: audio\audio_20260309_192728.wav
2026-03-09 19:28:04,907 [ERROR] [EMAIL ERROR] (535, b'5.7.8 Username and Password not accepted. For more information, go to\n5.7.8  https://support.google.com/mail/?p=BadCredentials d9443c01a7336-2ae840ad894sm158462405ad.80 - gsmtp')
2026-03-09 19:39:30,147 [INFO] [ML] Loading model: cardiffnlp/twitter-roberta-base-offensive
2026-03-09 19:39:32,783 [INFO] ============================================================
2026-03-09 19:39:32,784 [INFO]   SafeGuard AI Keylogger started
2026-03-09 19:39:32,784 [INFO]   Device: Hostname: LAPTOP-J1DQ470D | IP: 192.168.163.1 | OS: Windows 10.0.26200 | Processor: AMD64 Family 25 Model 80 Stepping 0, AuthenticAMD
2026-03-09 19:39:32,784 [INFO] ============================================================
2026-03-09 19:39:32,801 [INFO] [KEYLOGGER] Listener started. Press CTRL+C to stop.
2026-03-09 19:39:57,326 [INFO] [SCREENSHOT] Saved: screenshots\ss_20260309_193957.png
2026-03-09 19:39:57,741 [INFO] [AUDIO] Recording 30s audio...
2026-03-09 19:40:27,844 [INFO] [AUDIO] Saved: audio\audio_20260309_193957.wav
2026-03-09 19:40:32,123 [ERROR] [EMAIL ERROR] (535, b'5.7.8 Username and Password not accepted. For more information, go to\n5.7.8  https://support.google.com/mail/?p=BadCredentials d2e1a72fcca58-829a4866763sm10495022b3a.38 - gsmtp')
2026-03-09 19:49:36,419 [WARNING] [API] Could not reach dashboard: HTTPConnectionPool(host='localhost', port=5000): Max retries exceeded with url: /api/keylog (Caused by NewConnectionError('<urllib3.connection.HTTPConnection object at 0x000001381B436840>: Failed to establish a new connection: [WinError 10061] No connection could be made because the target machine actively refused it'))
2026-03-09 19:49:53,972 [INFO] [ML] Loading model: cardiffnlp/twitter-roberta-base-offensive
2026-03-09 19:49:57,543 [INFO] ============================================================
2026-03-09 19:49:57,544 [INFO]   SafeGuard AI Keylogger started
2026-03-09 19:49:57,544 [INFO]   Device: Hostname: LAPTOP-J1DQ470D | IP: 192.168.163.1 | OS: Windows 10.0.26200 | Processor: AMD64 Family 25 Model 80 Stepping 0, AuthenticAMD
2026-03-09 19:49:57,544 [INFO] ============================================================
2026-03-09 19:49:57,562 [INFO] [KEYLOGGER] Listener started. Press CTRL+C to stop.
2026-03-09 19:50:17,993 [INFO] [SCREENSHOT] Saved: screenshots\ss_20260309_195017.png
2026-03-09 19:50:18,364 [INFO] [AUDIO] Recording 30s audio...
2026-03-09 19:50:48,480 [INFO] [AUDIO] Saved: audio\audio_20260309_195018.wav
2026-03-09 19:50:52,477 [ERROR] [EMAIL ERROR] (535, b'5.7.8 Username and Password not accepted. For more information, go to\n5.7.8  https://support.google.com/mail/?p=BadCredentials d9443c01a7336-2ae83e9ad26sm150457285ad.28 - gsmtp')
2026-03-09 19:52:22,841 [INFO] [ML] Loading model: cardiffnlp/twitter-roberta-base-offensive
2026-03-09 19:52:25,757 [INFO] ============================================================
2026-03-09 19:52:25,757 [INFO]   SafeGuard AI Keylogger started
2026-03-09 19:52:25,757 [INFO]   Device: Hostname: LAPTOP-J1DQ470D | IP: 192.168.163.1 | OS: Windows 10.0.26200 | Processor: AMD64 Family 25 Model 80 Stepping 0, AuthenticAMD
2026-03-09 19:52:25,757 [INFO] ============================================================
2026-03-09 19:52:25,774 [INFO] [KEYLOGGER] Listener started. Press CTRL+C to stop.
2026-03-09 19:53:27,593 [INFO] [SCREENSHOT] Saved: screenshots\ss_20260309_195327.png
2026-03-09 19:53:27,893 [INFO] [AUDIO] Recording 30s audio...
2026-03-09 19:53:57,999 [INFO] [AUDIO] Saved: audio\audio_20260309_195327.wav
2026-03-09 20:20:39,139 [INFO] [SCREENSHOT] Saved: screenshots\ss_20260309_202039.png
2026-03-09 20:20:39,140 [INFO] [AUDIO] Recording 30s audio...
2026-03-09 20:21:09,229 [INFO] [AUDIO] Saved: audio\audio_20260309_202039.wav
2026-03-09 20:27:39,387 [INFO] [ML] Loading model: cardiffnlp/twitter-roberta-base-offensive
2026-03-09 20:27:42,388 [INFO] ============================================================
2026-03-09 20:27:42,388 [INFO]   SafeGuard AI Keylogger started
2026-03-09 20:27:42,388 [INFO]   Device: Hostname: LAPTOP-J1DQ470D | IP: 192.168.163.1 | OS: Windows 10.0.26200 | Processor: AMD64 Family 25 Model 80 Stepping 0, AuthenticAMD
2026-03-09 20:27:42,388 [INFO] ============================================================
2026-03-09 20:27:42,487 [INFO] [KEYLOGGER] Listener started. Press CTRL+C to stop.
2026-03-09 20:28:10,801 [INFO] [SCREENSHOT] Saved: screenshots\ss_20260309_202810.png
2026-03-09 20:28:11,413 [INFO] [AUDIO] Recording 30s audio...
2026-03-09 20:28:41,527 [INFO] [AUDIO] Saved: audio\audio_20260309_202811.wav
2026-03-09 20:30:22,925 [INFO] [SCREENSHOT] Saved: screenshots\ss_20260309_203022.png
2026-03-09 20:30:22,926 [INFO] [AUDIO] Recording 30s audio...
2026-03-09 20:30:53,010 [INFO] [AUDIO] Saved: audio\audio_20260309_203022.wav
2026-03-09 23:54:20,593 [INFO] [ML] Loading model: cardiffnlp/twitter-roberta-base-offensive
2026-03-09 23:54:23,239 [INFO] ============================================================
2026-03-09 23:54:23,241 [INFO]   SafeGuard AI Keylogger started
2026-03-09 23:54:23,241 [INFO]   Device: Hostname: LAPTOP-J1DQ470D | IP: 192.168.163.1 | OS: Windows 10.0.26200 | Processor: AMD64 Family 25 Model 80 Stepping 0, AuthenticAMD
2026-03-09 23:54:23,241 [INFO] ============================================================
2026-03-09 23:54:23,254 [INFO] [KEYLOGGER] Listener started. Press CTRL+C to stop.
2026-03-09 23:58:36,770 [INFO] [ML] Loading model: cardiffnlp/twitter-roberta-base-offensive
2026-03-09 23:58:39,461 [INFO] ============================================================
2026-03-09 23:58:39,461 [INFO]   SafeGuard AI Keylogger started
2026-03-09 23:58:39,461 [INFO]   Device: Hostname: LAPTOP-J1DQ470D | IP: 192.168.163.1 | OS: Windows 10.0.26200 | Processor: AMD64 Family 25 Model 80 Stepping 0, AuthenticAMD
2026-03-09 23:58:39,461 [INFO] ============================================================
2026-03-09 23:58:39,483 [INFO] [KEYLOGGER] Listener started. Press CTRL+C to stop.
2026-03-10 00:07:17,477 [INFO] [ML] Loading model: cardiffnlp/twitter-roberta-base-offensive
2026-03-10 00:07:20,391 [INFO] ============================================================
2026-03-10 00:07:20,391 [INFO]   SafeGuard AI Keylogger started
2026-03-10 00:07:20,392 [INFO]   Device: Hostname: LAPTOP-J1DQ470D | IP: 192.168.163.1 | OS: Windows 10.0.26200 | Processor: AMD64 Family 25 Model 80 Stepping 0, AuthenticAMD
2026-03-10 00:07:20,392 [INFO] ============================================================
2026-03-10 00:07:20,405 [INFO] [KEYLOGGER] Listener started. Press CTRL+C to stop.
2026-03-10 00:07:30,624 [INFO] [SCREENSHOT] Saved: screenshots\ss_20260310_000730.png
2026-03-10 00:07:31,031 [INFO] [AUDIO] Recording 30s audio...
2026-03-10 00:08:01,143 [INFO] [AUDIO] Saved: audio\audio_20260310_000731.wav
2026-03-10 00:09:04,036 [INFO] [SCREENSHOT] Saved: screenshots\ss_20260310_000903.png
2026-03-10 00:09:04,036 [INFO] [AUDIO] Recording 30s audio...
2026-03-10 00:09:34,137 [INFO] [AUDIO] Saved: audio\audio_20260310_000904.wav
2026-03-10 00:14:06,622 [INFO] [SCREENSHOT] Saved: screenshots\ss_20260310_001406.png
2026-03-10 00:14:06,624 [INFO] [AUDIO] Recording 30s audio...
2026-03-10 00:14:36,703 [INFO] [AUDIO] Saved: audio\audio_20260310_001406.wav
2026-03-10 00:17:03,747 [INFO] [SCREENSHOT] Saved: screenshots\ss_20260310_001703.png
2026-03-10 00:17:03,748 [INFO] [AUDIO] Recording 30s audio...
2026-03-10 00:17:33,824 [INFO] [AUDIO] Saved: audio\audio_20260310_001703.wav
2026-03-10 00:19:23,839 [INFO] [SCREENSHOT] Saved: screenshots\ss_20260310_001923.png
2026-03-10 00:19:23,840 [INFO] [AUDIO] Recording 30s audio...
2026-03-10 00:19:53,940 [INFO] [AUDIO] Saved: audio\audio_20260310_001923.wav
2026-03-10 00:21:32,649 [INFO] [ML] Loading model: cardiffnlp/twitter-roberta-base-offensive
2026-03-10 00:21:35,400 [INFO] ============================================================
2026-03-10 00:21:35,400 [INFO]   SafeGuard AI Keylogger started
2026-03-10 00:21:35,400 [INFO]   Device: Hostname: LAPTOP-J1DQ470D | IP: 192.168.163.1 | OS: Windows 10.0.26200 | Processor: AMD64 Family 25 Model 80 Stepping 0, AuthenticAMD
2026-03-10 00:21:35,400 [INFO] ============================================================
2026-03-10 00:21:35,413 [INFO] [KEYLOGGER] Listener started. Press CTRL+C to stop.
2026-03-10 00:22:41,005 [INFO] [SCREENSHOT] Saved: screenshots\ss_20260310_002240.png
2026-03-10 00:22:41,367 [INFO] [AUDIO] Recording 30s audio...
2026-03-10 00:23:11,478 [INFO] [AUDIO] Saved: audio\audio_20260310_002241.wav
2026-03-10 01:15:37,185 [INFO] [ML] Loading model: cardiffnlp/twitter-roberta-base-offensive
2026-03-10 01:15:41,416 [INFO] ============================================================
2026-03-10 01:15:41,416 [INFO]   SafeGuard AI Keylogger started
2026-03-10 01:15:41,417 [INFO]   Device: Hostname: REDDYS | IP: 10.218.176.171 | OS: Windows 10.0.26200 | Processor: Intel64 Family 6 Model 140 Stepping 1, GenuineIntel
2026-03-10 01:15:41,417 [INFO] ============================================================
2026-03-10 01:15:41,448 [INFO] [KEYLOGGER] Listener started. Press CTRL+C to stop.
2026-03-10 01:16:09,337 [WARNING] [API] Could not reach dashboard: HTTPConnectionPool(host='localhost', port=5000): Max retries exceeded with url: /api/keylog (Caused by NewConnectionError('<urllib3.connection.HTTPConnection object at 0x000002534A169FD0>: Failed to establish a new connection: [WinError 10061] No connection could be made because the target machine actively refused it'))
2026-03-10 01:17:24,281 [WARNING] [API] Could not reach dashboard: HTTPConnectionPool(host='localhost', port=5000): Max retries exceeded with url: /api/keylog (Caused by NewConnectionError('<urllib3.connection.HTTPConnection object at 0x000002534A5445D0>: Failed to establish a new connection: [WinError 10061] No connection could be made because the target machine actively refused it'))
2026-03-10 01:22:11,698 [WARNING] [API] Could not reach dashboard: HTTPConnectionPool(host='localhost', port=5000): Max retries exceeded with url: /api/keylog (Caused by NewConnectionError('<urllib3.connection.HTTPConnection object at 0x000002534A53CB90>: Failed to establish a new connection: [WinError 10061] No connection could be made because the target machine actively refused it'))
2026-03-10 01:23:33,434 [WARNING] [API] Could not reach dashboard: HTTPConnectionPool(host='localhost', port=5000): Max retries exceeded with url: /api/keylog (Caused by NewConnectionError('<urllib3.connection.HTTPConnection object at 0x000002534A53CD90>: Failed to establish a new connection: [WinError 10061] No connection could be made because the target machine actively refused it'))
2026-03-10 01:27:02,424 [WARNING] [API] Could not reach dashboard: HTTPConnectionPool(host='localhost', port=5000): Max retries exceeded with url: /api/keylog (Caused by NewConnectionError('<urllib3.connection.HTTPConnection object at 0x000002534A546050>: Failed to establish a new connection: [WinError 10061] No connection could be made because the target machine actively refused it'))
2026-03-10 01:27:41,661 [WARNING] [API] Could not reach dashboard: HTTPConnectionPool(host='localhost', port=5000): Max retries exceeded with url: /api/keylog (Caused by NewConnectionError('<urllib3.connection.HTTPConnection object at 0x000002534A1972D0>: Failed to establish a new connection: [WinError 10061] No connection could be made because the target machine actively refused it'))
2026-03-10 01:27:49,353 [WARNING] [API] Could not reach dashboard: HTTPConnectionPool(host='localhost', port=5000): Max retries exceeded with url: /api/keylog (Caused by NewConnectionError('<urllib3.connection.HTTPConnection object at 0x000002534A5FA490>: Failed to establish a new connection: [WinError 10061] No connection could be made because the target machine actively refused it'))
2026-03-10 01:28:05,971 [WARNING] [API] Could not reach dashboard: HTTPConnectionPool(host='localhost', port=5000): Max retries exceeded with url: /api/keylog (Caused by NewConnectionError('<urllib3.connection.HTTPConnection object at 0x000002534A6F0410>: Failed to establish a new connection: [WinError 10061] No connection could be made because the target machine actively refused it'))
2026-03-10 01:31:48,289 [WARNING] [API] Could not reach dashboard: HTTPConnectionPool(host='localhost', port=5000): Max retries exceeded with url: /api/keylog (Caused by NewConnectionError('<urllib3.connection.HTTPConnection object at 0x000002534A6F2350>: Failed to establish a new connection: [WinError 10061] No connection could be made because the target machine actively refused it'))
2026-03-10 01:33:06,730 [WARNING] [API] Could not reach dashboard: HTTPConnectionPool(host='localhost', port=5000): Max retries exceeded with url: /api/keylog (Caused by NewConnectionError('<urllib3.connection.HTTPConnection object at 0x000002534A17E810>: Failed to establish a new connection: [WinError 10061] No connection could be made because the target machine actively refused it'))
2026-03-10 01:33:51,384 [WARNING] [API] Could not reach dashboard: HTTPConnectionPool(host='localhost', port=5000): Max retries exceeded with url: /api/keylog (Caused by NewConnectionError('<urllib3.connection.HTTPConnection object at 0x000002534A5FBAD0>: Failed to establish a new connection: [WinError 10061] No connection could be made because the target machine actively refused it'))
2026-03-10 01:35:05,951 [INFO] [ML] Loading model: cardiffnlp/twitter-roberta-base-offensive
2026-03-10 01:35:13,714 [INFO] ============================================================
2026-03-10 01:35:13,718 [INFO]   SafeGuard AI Keylogger started
2026-03-10 01:35:13,720 [INFO]   Device: Hostname: REDDYS | IP: 10.218.176.171 | OS: Windows 10.0.26200 | Processor: Intel64 Family 6 Model 140 Stepping 1, GenuineIntel
2026-03-10 01:35:13,720 [INFO] ============================================================
2026-03-10 01:35:13,850 [INFO] [KEYLOGGER] Listener started. Press CTRL+C to stop.
2026-03-10 01:35:38,647 [INFO] [SCREENSHOT] Saved: screenshots\ss_20260310_013537.png
2026-03-10 01:35:42,049 [INFO] [AUDIO] Recording 30s audio...
2026-03-10 01:36:12,455 [INFO] [AUDIO] Saved: audio\audio_20260310_013542.wav
2026-03-25 14:16:36,187 [INFO] [ML] Loading model: cardiffnlp/twitter-roberta-base-offensive
2026-03-25 14:16:53,479 [INFO] ============================================================
2026-03-25 14:16:53,479 [INFO]   SafeGuard AI Keylogger started
2026-03-25 14:16:53,479 [INFO]   Device: Hostname: REDDYS | IP: 10.11.2.100 | OS: Windows 10.0.26200 | Processor: Intel64 Family 6 Model 140 Stepping 1, GenuineIntel
2026-03-25 14:16:53,479 [INFO] ============================================================
2026-03-25 14:16:53,536 [INFO] [KEYLOGGER] Listener started. Press CTRL+C to stop.
2026-03-25 14:17:38,170 [INFO] [SCREENSHOT] Saved: screenshots\ss_20260325_141737.png
2026-03-25 14:17:38,822 [INFO] [AUDIO] Recording 30s audio...
2026-03-25 14:18:08,957 [INFO] [AUDIO] Saved: audio\audio_20260325_141738.wav
2026-03-25 14:21:32,783 [INFO] [SCREENSHOT] Saved: screenshots\ss_20260325_142132.png
2026-03-25 14:21:32,784 [INFO] [AUDIO] Recording 30s audio...
2026-03-25 14:22:02,891 [INFO] [AUDIO] Saved: audio\audio_20260325_142132.wav
2026-03-25 14:24:17,679 [INFO] [SCREENSHOT] Saved: screenshots\ss_20260325_142417.png
2026-03-25 14:24:17,682 [INFO] [AUDIO] Recording 30s audio...
2026-03-25 14:24:47,783 [INFO] [AUDIO] Saved: audio\audio_20260325_142417.wav
2026-04-07 22:07:16,699 [INFO] [ML] Loading model: cardiffnlp/twitter-roberta-base-offensive
2026-04-07 22:07:22,827 [INFO] ============================================================
2026-04-07 22:07:22,828 [INFO]   SafeGuard AI Keylogger started
2026-04-07 22:07:22,828 [INFO]   Device: Hostname: REDDYS | IP: 10.64.86.171 | OS: Windows 10.0.26200 | Processor: Intel64 Family 6 Model 140 Stepping 1, GenuineIntel
2026-04-07 22:07:22,830 [INFO] ============================================================
2026-04-07 22:07:22,900 [INFO] [KEYLOGGER] Listener started. Press CTRL+C to stop.
2026-04-08 10:09:43,490 [INFO] [ML] Loading model: cardiffnlp/twitter-roberta-base-offensive
2026-04-08 10:09:49,167 [INFO] ============================================================
2026-04-08 10:09:49,167 [INFO]   SafeGuard AI Keylogger started
2026-04-08 10:09:49,168 [INFO]   Device: Hostname: REDDYS | IP: 10.11.1.108 | OS: Windows 10.0.26200 | Processor: Intel64 Family 6 Model 140 Stepping 1, GenuineIntel
2026-04-08 10:09:49,168 [INFO] ============================================================
2026-04-08 10:09:49,236 [INFO] [KEYLOGGER] Listener started. Press CTRL+C to stop.
2026-04-08 10:14:30,773 [INFO] [SCREENSHOT] Saved: screenshots\ss_20260408_101429.png
2026-04-08 10:14:32,839 [INFO] [AUDIO] Recording 30s audio...
2026-04-08 10:15:03,871 [INFO] [AUDIO] Saved: audio\audio_20260408_101432.wav
2026-04-08 10:17:02,558 [INFO] [SCREENSHOT] Saved: screenshots\ss_20260408_101702.png
2026-04-08 10:17:02,560 [INFO] [AUDIO] Recording 30s audio...
2026-04-08 10:17:32,904 [INFO] [AUDIO] Saved: audio\audio_20260408_101702.wav
2026-04-08 10:21:21,170 [INFO] [SCREENSHOT] Saved: screenshots\ss_20260408_102120.png
2026-04-08 10:21:21,173 [INFO] [AUDIO] Recording 30s audio...
2026-04-08 10:21:51,437 [INFO] [AUDIO] Saved: audio\audio_20260408_102121.wav
2026-04-08 10:51:36,636 [INFO] [SCREENSHOT] Saved: screenshots\ss_20260408_105136.png
2026-04-08 10:51:36,639 [INFO] [AUDIO] Recording 30s audio...
2026-04-08 10:52:07,091 [INFO] [AUDIO] Saved: audio\audio_20260408_105136.wav
2026-04-08 12:27:04,371 [INFO] [ML] Loading model: cardiffnlp/twitter-roberta-base-offensive
2026-04-08 12:27:10,418 [INFO] ============================================================
2026-04-08 12:27:10,418 [INFO]   SafeGuard AI Keylogger started
2026-04-08 12:27:10,419 [INFO]   Device: Hostname: REDDYS | IP: 10.111.68.171 | OS: Windows 10.0.26200 | Processor: Intel64 Family 6 Model 140 Stepping 1, GenuineIntel
2026-04-08 12:27:10,430 [INFO] ============================================================
2026-04-08 12:27:10,527 [INFO] [KEYLOGGER] Listener started. Press CTRL+C to stop.
2026-04-08 12:43:28,494 [INFO] [SCREENSHOT] Saved: screenshots\ss_20260408_124327.png
2026-04-08 12:43:30,316 [INFO] [AUDIO] Recording 30s audio...
2026-04-08 12:44:00,784 [INFO] [AUDIO] Saved: audio\audio_20260408_124330.wav
2026-04-09 10:18:16,997 [INFO] [ML] Loading model: cardiffnlp/twitter-roberta-base-offensive
2026-04-09 10:18:22,159 [INFO] ============================================================
2026-04-09 10:18:22,159 [INFO]   SafeGuard AI Keylogger started
2026-04-09 10:18:22,161 [INFO]   Device: Hostname: REDDYS | IP: 172.20.22.109 | OS: Windows 10.0.26200 | Processor: Intel64 Family 6 Model 140 Stepping 1, GenuineIntel
2026-04-09 10:18:22,163 [INFO] ============================================================
2026-04-09 10:18:22,261 [INFO] [KEYLOGGER] Listener started. Press CTRL+C to stop.
2026-04-09 10:21:29,980 [INFO] [ML] Loading model: cardiffnlp/twitter-roberta-base-offensive
2026-04-09 10:21:34,575 [INFO] ============================================================
2026-04-09 10:21:34,575 [INFO]   SafeGuard AI Keylogger started
2026-04-09 10:21:34,575 [INFO]   Device: Hostname: REDDYS | IP: 172.20.22.109 | OS: Windows 10.0.26200 | Processor: Intel64 Family 6 Model 140 Stepping 1, GenuineIntel
2026-04-09 10:21:34,576 [INFO] ============================================================
2026-04-09 10:21:34,603 [INFO] [KEYLOGGER] Listener started. Press CTRL+C to stop.
2026-04-09 10:24:52,709 [INFO] [ML] Loading model: cardiffnlp/twitter-roberta-base-offensive
2026-04-09 10:24:57,153 [INFO] ============================================================
2026-04-09 10:24:57,154 [INFO]   SafeGuard AI Keylogger started
2026-04-09 10:24:57,154 [INFO]   Device: Hostname: REDDYS | IP: 172.20.22.109 | OS: Windows 10.0.26200 | Processor: Intel64 Family 6 Model 140 Stepping 1, GenuineIntel
2026-04-09 10:24:57,155 [INFO] ============================================================
2026-04-09 10:24:57,182 [INFO] [KEYLOGGER] Listener started. Press CTRL+C to stop.
2026-04-09 10:27:52,140 [INFO] [SCREENSHOT] Saved: screenshots\ss_20260409_102750.png
2026-04-09 10:27:54,796 [INFO] [AUDIO] Recording 30s audio...
2026-04-09 10:28:25,219 [INFO] [AUDIO] Saved: audio\audio_20260409_102754.wav
2026-04-09 10:57:53,414 [INFO] [SCREENSHOT] Saved: screenshots\ss_20260409_105752.png
2026-04-09 10:57:53,428 [INFO] [AUDIO] Recording 30s audio...
2026-04-09 10:58:24,175 [INFO] [AUDIO] Saved: audio\audio_20260409_105753.wav
2026-04-09 11:05:37,817 [INFO] [ML] Loading model: cardiffnlp/twitter-roberta-base-offensive
2026-04-09 11:05:41,987 [INFO] ============================================================
2026-04-09 11:05:41,987 [INFO]   SafeGuard AI Keylogger started
2026-04-09 11:05:41,987 [INFO]   Device: Hostname: REDDYS | IP: 172.20.22.109 | OS: Windows 10.0.26200 | Processor: Intel64 Family 6 Model 140 Stepping 1, GenuineIntel
2026-04-09 11:05:41,989 [INFO] ============================================================
2026-04-09 11:05:42,136 [INFO] [KEYLOGGER] Listener started. Press CTRL+C to stop.
2026-04-09 11:06:03,493 [INFO] [SCREENSHOT] Saved: screenshots\ss_20260409_110603.png
2026-04-09 11:06:04,894 [INFO] [AUDIO] Recording 30s audio...
2026-04-09 11:06:35,185 [INFO] [AUDIO] Saved: audio\audio_20260409_110604.wav
2026-04-09 11:06:36,559 [WARNING] [MEDIA] Upload failed (400): {"error":"Missing file"}
2026-04-09 11:06:36,661 [WARNING] [MEDIA] Upload failed (400): {"error":"Missing file"}
2026-04-09 11:13:39,480 [INFO] [ML] Loading model: cardiffnlp/twitter-roberta-base-offensive
2026-04-09 11:13:43,203 [INFO] ============================================================
2026-04-09 11:13:43,203 [INFO]   SafeGuard AI Keylogger started
2026-04-09 11:13:43,203 [INFO]   Device: Hostname: REDDYS | IP: 172.20.22.109 | OS: Windows 10.0.26200 | Processor: Intel64 Family 6 Model 140 Stepping 1, GenuineIntel
2026-04-09 11:13:43,203 [INFO] ============================================================
2026-04-09 11:13:43,226 [INFO] [KEYLOGGER] Listener started. Press CTRL+C to stop.
2026-04-09 11:14:34,745 [INFO] [SCREENSHOT] Saved: screenshots\ss_20260409_111434.png
2026-04-09 11:14:35,561 [INFO] [AUDIO] Recording 30s audio...
2026-04-09 11:15:05,935 [INFO] [AUDIO] Saved: audio\audio_20260409_111435.wav
2026-04-09 11:15:06,924 [INFO] [MEDIA] Uploaded screenshot successfully: screenshots\ss_20260409_111434.png
2026-04-09 11:15:07,072 [INFO] [MEDIA] Uploaded audio successfully: audio\audio_20260409_111435.wav
2026-04-09 11:48:17,048 [INFO] [ML] Loading model: cardiffnlp/twitter-roberta-base-offensive
2026-04-09 11:48:20,672 [INFO] ============================================================
2026-04-09 11:48:20,673 [INFO]   SafeGuard AI Keylogger started
2026-04-09 11:48:20,673 [INFO]   Device: Hostname: REDDYS | IP: 172.20.22.109 | OS: Windows 10.0.26200 | Processor: Intel64 Family 6 Model 140 Stepping 1, GenuineIntel
2026-04-09 11:48:20,673 [INFO] ============================================================
2026-04-09 11:48:20,766 [INFO] [KEYLOGGER] Listener started. Press CTRL+C to stop.
2026-04-09 11:50:07,478 [INFO] [SCREENSHOT] Saved: screenshots\ss_20260409_115006.png
2026-04-09 11:50:09,062 [INFO] [AUDIO] Recording 30s audio...
2026-04-09 11:50:39,366 [INFO] [AUDIO] Saved: audio\audio_20260409_115009.wav
2026-04-09 11:50:40,351 [INFO] [MEDIA] Uploaded screenshot successfully: screenshots\ss_20260409_115006.png
2026-04-09 11:50:40,458 [WARNING] [API] Media upload error: ('Connection aborted.', ConnectionResetError(10054, 'An existing connection was forcibly closed by the remote host', None, 10054, None))
2026-04-09 12:08:37,522 [INFO] [SCREENSHOT] Saved: screenshots\ss_20260409_120836.png
2026-04-09 12:08:37,526 [INFO] [AUDIO] Recording 30s audio...
2026-04-09 12:09:08,156 [INFO] [AUDIO] Saved: audio\audio_20260409_120837.wav
2026-04-09 12:09:12,762 [WARNING] [API] Media upload error: HTTPConnectionPool(host='localhost', port=5001): Max retries exceeded with url: /api/media/upload (Caused by NewConnectionError('<urllib3.connection.HTTPConnection object at 0x000001BB23EE1390>: Failed to establish a new connection: [WinError 10061] No connection could be made because the target machine actively refused it'))
2026-04-09 12:09:16,893 [WARNING] [API] Media upload error: HTTPConnectionPool(host='localhost', port=5001): Max retries exceeded with url: /api/media/upload (Caused by NewConnectionError('<urllib3.connection.HTTPConnection object at 0x000001BB23EE24D0>: Failed to establish a new connection: [WinError 10061] No connection could be made because the target machine actively refused it'))
2026-04-09 12:17:50,394 [INFO] [ML] Loading model: cardiffnlp/twitter-roberta-base-offensive
2026-04-09 12:17:55,437 [INFO] ============================================================
2026-04-09 12:17:55,438 [INFO]   SafeGuard AI Keylogger started
2026-04-09 12:17:55,439 [INFO]   Device: Hostname: REDDYS | IP: 172.20.22.109 | OS: Windows 10.0.26200 | Processor: Intel64 Family 6 Model 140 Stepping 1, GenuineIntel
2026-04-09 12:17:55,441 [INFO] ============================================================
2026-04-09 12:17:55,542 [INFO] [KEYLOGGER] Listener started. Press CTRL+C to stop.
2026-04-09 12:19:00,979 [INFO] [SCREENSHOT] Saved: screenshots\ss_20260409_121900.png
2026-04-09 12:19:03,383 [INFO] [AUDIO] Recording 30s audio...
2026-04-09 12:19:33,787 [INFO] [AUDIO] Saved: audio\audio_20260409_121903.wav
2026-04-09 12:19:38,416 [WARNING] [API] Media upload error: HTTPConnectionPool(host='localhost', port=5001): Max retries exceeded with url: /api/media/upload (Caused by NewConnectionError('<urllib3.connection.HTTPConnection object at 0x000002379BBF1910>: Failed to establish a new connection: [WinError 10061] No connection could be made because the target machine actively refused it'))
2026-04-09 12:19:42,553 [WARNING] [API] Media upload error: HTTPConnectionPool(host='localhost', port=5001): Max retries exceeded with url: /api/media/upload (Caused by NewConnectionError('<urllib3.connection.HTTPConnection object at 0x000002379BBF1490>: Failed to establish a new connection: [WinError 10061] No connection could be made because the target machine actively refused it'))
2026-04-09 12:49:42,172 [INFO] [SCREENSHOT] Saved: screenshots\ss_20260409_124941.png
2026-04-09 12:49:42,210 [INFO] [AUDIO] Recording 30s audio...
2026-04-09 12:50:13,343 [INFO] [AUDIO] Saved: audio\audio_20260409_124942.wav
2026-04-09 12:50:18,141 [WARNING] [API] Media upload error: HTTPConnectionPool(host='localhost', port=5001): Max retries exceeded with url: /api/media/upload (Caused by NewConnectionError('<urllib3.connection.HTTPConnection object at 0x000002379BC01D50>: Failed to establish a new connection: [WinError 10061] No connection could be made because the target machine actively refused it'))
2026-04-09 12:50:22,277 [WARNING] [API] Media upload error: HTTPConnectionPool(host='localhost', port=5001): Max retries exceeded with url: /api/media/upload (Caused by NewConnectionError('<urllib3.connection.HTTPConnection object at 0x000002379BC28990>: Failed to establish a new connection: [WinError 10061] No connection could be made because the target machine actively refused it'))
2026-04-09 12:58:58,860 [INFO] [ML] Loading model: cardiffnlp/twitter-roberta-base-offensive
2026-04-09 12:59:02,729 [INFO] ============================================================
2026-04-09 12:59:02,729 [INFO]   SafeGuard AI Keylogger started
2026-04-09 12:59:02,729 [INFO]   Device: Hostname: REDDYS | IP: 172.20.22.109 | OS: Windows 10.0.26200 | Processor: Intel64 Family 6 Model 140 Stepping 1, GenuineIntel
2026-04-09 12:59:02,729 [INFO] ============================================================
2026-04-09 12:59:02,763 [INFO] [KEYLOGGER] Listener started. Press CTRL+C to stop.
2026-04-09 13:00:03,624 [INFO] [SCREENSHOT] Saved: screenshots\ss_20260409_130003.png
2026-04-09 13:00:04,990 [INFO] [AUDIO] Recording 30s audio...
2026-04-09 13:00:35,444 [INFO] [AUDIO] Saved: audio\audio_20260409_130004.wav
2026-04-09 13:00:36,187 [INFO] [MEDIA] Uploaded screenshot successfully: screenshots\ss_20260409_130003.png
2026-04-09 13:00:36,293 [INFO] [MEDIA] Uploaded audio successfully: audio\audio_20260409_130004.wav
2026-04-09 13:23:05,774 [INFO] [ML] Loading model: cardiffnlp/twitter-roberta-base-offensive
2026-04-09 13:23:09,904 [INFO] ============================================================
2026-04-09 13:23:09,904 [INFO]   SafeGuard AI Keylogger started
2026-04-09 13:23:09,905 [INFO]   Device: Hostname: REDDYS | IP: 172.20.22.109 | OS: Windows 10.0.26200 | Processor: Intel64 Family 6 Model 140 Stepping 1, GenuineIntel
2026-04-09 13:23:09,905 [INFO] ============================================================
2026-04-09 13:23:09,997 [INFO] [KEYLOGGER] Listener started. Press CTRL+C to stop.
2026-04-09 14:49:41,973 [INFO] [ML] Loading model: cardiffnlp/twitter-roberta-base-offensive
2026-04-09 14:49:47,505 [INFO] ============================================================
2026-04-09 14:49:47,505 [INFO]   SafeGuard AI Keylogger started
2026-04-09 14:49:47,506 [INFO]   Device: Hostname: REDDYS | IP: 172.20.22.109 | OS: Windows 10.0.26200 | Processor: Intel64 Family 6 Model 140 Stepping 1, GenuineIntel
2026-04-09 14:49:47,506 [INFO] ============================================================
2026-04-09 14:49:47,568 [INFO] [KEYLOGGER] Listener started. Press CTRL+C to stop.
